2026-04-07 20:31:39 - INFO - ==================================================
2026-04-07 20:31:39 - INFO - Weather Fetcher Application Starting...
2026-04-07 20:31:39 - INFO - ==================================================
2026-04-07 20:31:39 - INFO - Configuration loaded from: ./config\default.yaml
2026-04-07 20:31:39 - INFO - Configuration validation passed
2026-04-07 20:31:39 - INFO - Task scheduler started with interval: 30 minutes
2026-04-07 20:31:39 - INFO - Executing weather fetch task for city: Beijing
2026-04-07 20:31:39 - INFO - Fetching weather data for city: Beijing
2026-04-07 20:31:41 - INFO - Successfully fetched weather data for Beijing
2026-04-07 20:31:41 - INFO - Weather data saved to: ./data/output\weather_20260407.json
2026-04-07 20:31:41 - INFO - Weather task completed successfully
2026-04-07 20:31:41 - INFO - Next execution in 30 minutes...
2026-04-07 20:32:53 - INFO - ==================================================
2026-04-07 20:32:53 - INFO - Weather Fetcher Application Starting...
2026-04-07 20:32:53 - INFO - ==================================================
2026-04-07 20:32:53 - INFO - Configuration loaded from: ./config\default.yaml
2026-04-07 20:32:53 - INFO - Configuration validation passed
2026-04-07 20:32:53 - INFO - Task scheduler started with interval: 30 minutes
2026-04-07 20:32:53 - INFO - Executing weather fetch task for city: Beijing
2026-04-07 20:32:53 - INFO - Fetching weather data for city: Beijing
2026-04-07 20:32:55 - INFO - Successfully fetched weather data for Beijing
2026-04-07 20:32:55 - INFO - Weather data saved to: ./data/output\weather_20260407.json
2026-04-07 20:32:55 - INFO - Weather task completed successfully
2026-04-07 20:32:55 - INFO - Next execution in 30 minutes...
