2026-04-02 15:15:01 - INFO - ==================================================
2026-04-02 15:15:01 - INFO - 开始测试天气获取小程序
2026-04-02 15:15:01 - INFO - ==================================================
2026-04-02 15:15:01 - INFO - 测试配置加载模块...
2026-04-02 15:15:01 - INFO - 配置文件加载成功
2026-04-02 15:15:01 - INFO - 配置加载成功: {'city': '北京', 'interval_minutes': 10, 'timeout_seconds': 10}
2026-04-02 15:15:01 - INFO - 测试天气获取模块...
2026-04-02 15:15:01 - INFO - 配置文件加载成功
2026-04-02 15:15:01 - INFO - 正在获取 北京 的天气数据...
2026-04-02 15:15:03 - ERROR - HTTP 错误: 500 Server Error: Internal Server Error for url: https://wttr.in/%E5%8C%97%E4%BA%AC?format=j1
2026-04-02 15:15:03 - ERROR - 天气数据获取失败
2026-04-02 15:15:03 - INFO - 测试数据保存模块...
2026-04-02 15:15:03 - INFO - 配置文件加载成功
2026-04-02 15:15:03 - INFO - 正在获取 北京 的天气数据...
2026-04-02 15:15:05 - INFO - 成功获取 北京 的天气数据
2026-04-02 15:15:05 - INFO - 天气数据已保存到: ./data/output/weather_20260402.json
2026-04-02 15:15:05 - INFO - 数据保存成功
2026-04-02 15:15:05 - INFO - ==================================================
2026-04-02 15:15:05 - INFO - 测试结果汇总:
2026-04-02 15:15:05 - INFO -   配置加载: 通过
2026-04-02 15:15:05 - INFO -   天气获取: 失败
2026-04-02 15:15:05 - INFO -   数据保存: 通过
2026-04-02 15:15:05 - INFO - ==================================================
2026-04-02 15:15:13 - INFO - ==================================================
2026-04-02 15:15:13 - INFO - 开始测试天气获取小程序
2026-04-02 15:15:13 - INFO - ==================================================
2026-04-02 15:15:13 - INFO - 测试配置加载模块...
2026-04-02 15:15:13 - INFO - 配置文件加载成功
2026-04-02 15:15:13 - INFO - 配置加载成功: {'city': '北京', 'interval_minutes': 10, 'timeout_seconds': 10}
2026-04-02 15:15:13 - INFO - 测试天气获取模块...
2026-04-02 15:15:13 - INFO - 配置文件加载成功
2026-04-02 15:15:13 - INFO - 正在获取 北京 的天气数据...
2026-04-02 15:15:16 - INFO - 成功获取 北京 的天气数据
2026-04-02 15:15:16 - INFO - 天气数据获取成功: {'city': '北京', 'temperature_c': '18', 'temperature_f': '65', 'weather_condition': 'Sunny', 'humidity': '30', 'wind_direction': 'SSW', 'wind_speed_kmph': '7', 'update_time': '2026-04-02 15:15:16', 'observation_time': '07:03 AM'}
2026-04-02 15:15:16 - INFO - 测试数据保存模块...
2026-04-02 15:15:16 - INFO - 配置文件加载成功
2026-04-02 15:15:16 - INFO - 正在获取 北京 的天气数据...
2026-04-02 15:15:18 - INFO - 成功获取 北京 的天气数据
2026-04-02 15:15:18 - INFO - 天气数据已保存到: ./data/output/weather_20260402.json
2026-04-02 15:15:18 - INFO - 数据保存成功
2026-04-02 15:15:18 - INFO - ==================================================
2026-04-02 15:15:18 - INFO - 测试结果汇总:
2026-04-02 15:15:18 - INFO -   配置加载: 通过
2026-04-02 15:15:18 - INFO -   天气获取: 通过
2026-04-02 15:15:18 - INFO -   数据保存: 通过
2026-04-02 15:15:18 - INFO - ==================================================
2026-04-02 15:18:55 - INFO - ==================================================
2026-04-02 15:18:55 - INFO - 天气获取小程序启动
2026-04-02 15:18:55 - INFO - ==================================================
2026-04-02 15:18:55 - INFO - 配置文件加载成功
2026-04-02 15:18:55 - INFO - 目标城市: 北京
2026-04-02 15:18:55 - INFO - 执行间隔: 10 分钟
2026-04-02 15:18:55 - INFO - 超时时间: 10 秒
2026-04-02 15:18:55 - INFO - 定时任务已启动，执行间隔: 10 分钟
2026-04-02 15:18:55 - INFO - 开始执行定时任务...
2026-04-02 15:18:55 - INFO - 正在获取 北京 的天气数据...
2026-04-02 15:18:57 - INFO - 成功获取 北京 的天气数据
2026-04-02 15:18:57 - INFO - 天气数据已保存到: ./data/output/weather_20260402.json
2026-04-02 15:18:57 - INFO - 城市 北京 的天气数据获取并保存成功
2026-04-02 15:18:57 - INFO - 定时任务执行完成
2026-04-02 15:18:57 - INFO - 等待 10 分钟后执行下一次任务...
2026-04-02 15:28:57 - INFO - 开始执行定时任务...
2026-04-02 15:28:57 - INFO - 正在获取 北京 的天气数据...
2026-04-02 15:29:00 - INFO - 成功获取 北京 的天气数据
2026-04-02 15:29:00 - INFO - 天气数据已保存到: ./data/output/weather_20260402.json
2026-04-02 15:29:00 - INFO - 城市 北京 的天气数据获取并保存成功
2026-04-02 15:29:00 - INFO - 定时任务执行完成
2026-04-02 15:29:00 - INFO - 等待 10 分钟后执行下一次任务...
